#
# There is insufficient memory for the Java Runtime Environment to continue.
# Native memory allocation (malloc) failed to allocate 1048576 bytes. Error detail: AllocateHeap
# Possible reasons:
#   The system is out of physical RAM or swap space
#   This process is running with CompressedOops enabled, and the Java Heap may be blocking the growth of the native heap
# Possible solutions:
#   Reduce memory load on the system
#   Increase physical memory or swap space
#   Check if swap backing store is full
#   Decrease Java heap size (-Xmx/-Xms)
#   Decrease number of Java threads
#   Decrease Java thread stack sizes (-Xss)
#   Set larger code cache with -XX:ReservedCodeCacheSize=
#   JVM is running with Unscaled Compressed Oops mode in which the Java heap is
#     placed in the first 4GB address space. The Java Heap base address is the
#     maximum limit for the native heap growth. Please use -XX:HeapBaseMinAddress
#     to set the Java Heap base and to place the Java Heap above 4GB virtual address.
# This output file may be truncated or incomplete.
#
#  Out of Memory Error (allocation.cpp:44), pid=70672, tid=55840
#
# JRE version:  (21.0.10+7) (build )
# Java VM: OpenJDK 64-Bit Server VM (21.0.10+7-LTS, mixed mode, sharing, tiered, compressed oops, compressed class ptrs, parallel gc, windows-amd64)
# No core dump will be written. Minidumps are not enabled by default on client versions of Windows
#

---------------  S U M M A R Y ------------

Command Line: --add-modules=ALL-SYSTEM --add-opens=java.base/java.util=ALL-UNNAMED --add-opens=java.base/java.lang=ALL-UNNAMED --add-opens=java.base/sun.nio.fs=ALL-UNNAMED -Declipse.application=org.eclipse.jdt.ls.core.id1 -Dosgi.bundles.defaultStartLevel=4 -Declipse.product=org.eclipse.jdt.ls.core.product -Djava.import.generatesMetadataFilesAtProjectRoot=false -DDetectVMInstallationsJob.disabled=true -Dfile.encoding=utf8 -XX:+UseParallelGC -XX:GCTimeRatio=4 -XX:AdaptiveSizePolicyWeight=90 -Dsun.zip.disableMemoryMapping=true -Xmx2G -Xms100m -Xlog:disable -javaagent:c:\Users\avise\.vscode\extensions\redhat.java-1.54.0-win32-x64\lombok\lombok-1.18.39-4050.jar -XX:+HeapDumpOnOutOfMemoryError -XX:HeapDumpPath=c:\Users\avise\AppData\Roaming\Code\User\workspaceStorage\913c6986b1c5f3d3cc4fcb45199889a9\redhat.java -Daether.dependencyCollector.impl=bf c:\Users\avise\.vscode\extensions\redhat.java-1.54.0-win32-x64\server\plugins\org.eclipse.equinox.launcher_1.7.100.v20251111-0406.jar -configuration c:\Users\avise\AppData\Roaming\Code\User\globalStorage\redhat.java\1.54.0\config_win -data c:\Users\avise\AppData\Roaming\Code\User\workspaceStorage\913c6986b1c5f3d3cc4fcb45199889a9\redhat.java\jdt_ws --pipe=\\.\pipe\lsp-1dc3fc39b4e7d10bf0d8b66116f62584-sock

Host: 13th Gen Intel(R) Core(TM) i7-13700H, 20 cores, 15G,  Windows 11 , 64 bit Build 26100 (10.0.26100.8246)
Time: Wed May  6 16:13:08 2026 Eastern Daylight Time elapsed time: 4.079646 seconds (0d 0h 0m 4s)

---------------  T H R E A D  ---------------

Current thread (0x0000024627558ac0):  JavaThread "Unknown thread" [_thread_in_vm, id=55840, stack(0x000000ff3b400000,0x000000ff3b500000) (1024K)]

Stack: [0x000000ff3b400000,0x000000ff3b500000]
Native frames: (J=compiled Java code, j=interpreted, Vv=VM code, C=native code)
V  [jvm.dll+0x6d7a39]
V  [jvm.dll+0x8b4b26]
V  [jvm.dll+0x8b70de]
V  [jvm.dll+0x8b77c3]
V  [jvm.dll+0x284346]
V  [jvm.dll+0xc1277]
V  [jvm.dll+0x70bbd0]
V  [jvm.dll+0x70c73c]
V  [jvm.dll+0x6e65d3]
V  [jvm.dll+0x87f17c]
V  [jvm.dll+0x3c49fc]
V  [jvm.dll+0x867e6b]
V  [jvm.dll+0x457b31]
V  [jvm.dll+0x459721]
C  [jli.dll+0x52d0]
C  [ucrtbase.dll+0x37b0]
C  [KERNEL32.DLL+0x2e8d7]
C  [ntdll.dll+0x8c3fc]


---------------  P R O C E S S  ---------------

Threads class SMR info:
_java_thread_list=0x0000024627581450, length=1, elements={
0x0000024627558ac0
}

Java Threads: ( => current thread )
=>0x0000024627558ac0 JavaThread "Unknown thread"             [_thread_in_vm, id=55840, stack(0x000000ff3b400000,0x000000ff3b500000) (1024K)]
Total: 1

Other Threads:
  0x000002463dedca10 WatcherThread "VM Periodic Task Thread"        [id=81728, stack(0x000000ff3b600000,0x000000ff3b700000) (1024K)]
  0x0000024627575fa0 WorkerThread "GC Thread#0"                     [id=77560, stack(0x000000ff3b500000,0x000000ff3b600000) (1024K)]
Total: 2

Threads with active compile tasks:
Total: 0

VM state: not at safepoint (normal execution)

VM Mutex/Monitor currently owned by a thread: None

Heap address: 0x0000000080000000, size: 2048 MB, Compressed Oops mode: 32-bit

CDS archive(s) mapped at: [0x000002463e000000-0x000002463eba0000-0x000002463eba0000), size 12189696, SharedBaseAddress: 0x000002463e000000, ArchiveRelocationMode: 1.
Compressed class space mapped at: 0x000002463f000000-0x000002467f000000, reserved size: 1073741824
Narrow klass base: 0x000002463e000000, Narrow klass shift: 0, Narrow klass range: 0x100000000

GC Precious Log:
 CardTable entry size: 512
 CPUs: 20 total, 20 available
 Memory: 16087M
 Large Page Support: Disabled
 NUMA Support: Disabled
 Compressed Oops: Enabled (32-bit)
 Alignments: Space 512K, Generation 512K, Heap 2M
 Heap Min Capacity: 100M
 Heap Initial Capacity: 100M
 Heap Max Capacity: 2G
 Pre-touch: Disabled
 Parallel Workers: 15

Heap:
 PSYoungGen      total 29696K, used 512K [0x00000000d5580000, 0x00000000d7680000, 0x0000000100000000)
  eden space 25600K, 2% used [0x00000000d5580000,0x00000000d5600020,0x00000000d6e80000)
  from space 4096K, 0% used [0x00000000d7280000,0x00000000d7280000,0x00000000d7680000)
  to   space 4096K, 0% used [0x00000000d6e80000,0x00000000d6e80000,0x00000000d7280000)
 ParOldGen       total 68608K, used 0K [0x0000000080000000, 0x0000000084300000, 0x00000000d5580000)
  object space 68608K, 0% used [0x0000000080000000,0x0000000080000000,0x0000000084300000)
 Metaspace       used 0K, committed 0K, reserved 1048576K
  class space    used 0K, committed 0K, reserved 1048576K

Card table byte_map: [0x0000024626ef0000,0x0000024627300000] _byte_map_base: 0x0000024626af0000

Marking Bits: (ParMarkBitMap*) 0x00007ffcf75d3450
 Begin Bits: [0x0000024639a00000, 0x000002463ba00000)
 End Bits:   [0x000002463ba00000, 0x000002463da00000)

Polling page: 0x0000024625710000

Metaspace:

Usage:
  Non-class:      0 bytes used.
      Class:      0 bytes used.
       Both:      0 bytes used.

Virtual space:
  Non-class space:        0 bytes reserved,       0 bytes (  ?%) committed,  0 nodes.
      Class space:        1.00 GB reserved,       0 bytes (  0%) committed,  1 nodes.
             Both:        1.00 GB reserved,       0 bytes (  0%) committed. 

Chunk freelists:
   Non-Class:  0 bytes
       Class:  16.00 MB
        Both:  16.00 MB

MaxMetaspaceSize: unlimited
CompressedClassSpaceSize: 1.00 GB
Initial GC threshold: 21.00 MB
Current GC threshold: 17179869184.00 GB
CDS: on
 - commit_granule_bytes: 65536.
 - commit_granule_words: 8192.
 - virtual_space_node_default_size: 8388608.
 - enlarge_chunks_in_place: 1.
 - use_allocation_guard: 0.


Internal statistics:

num_allocs_failed_limit: 0.
num_arena_births: 0.
num_arena_deaths: 0.
num_vsnodes_births: 1.
num_vsnodes_deaths: 0.
num_space_committed: 0.
num_space_uncommitted: 0.
num_chunks_returned_to_freelist: 0.
num_chunks_taken_from_freelist: 1.
num_chunk_merges: 0.
num_chunk_splits: 1.
num_chunks_enlarged: 0.
num_inconsistent_stats: 0.

CodeHeap 'non-profiled nmethods': size=119168Kb used=0Kb max_used=0Kb free=119168Kb
 bounds [0x00000246322f0000, 0x0000024632560000, 0x0000024639750000]
CodeHeap 'profiled nmethods': size=119104Kb used=0Kb max_used=0Kb free=119104Kb
 bounds [0x000002462a750000, 0x000002462a9c0000, 0x0000024631ba0000]
CodeHeap 'non-nmethods': size=7488Kb used=194Kb max_used=342Kb free=7293Kb
 bounds [0x0000024631ba0000, 0x0000024631e10000, 0x00000246322f0000]
CodeCache: size=245760Kb, used=194Kb, max_used=342Kb, free=245565Kb
 total_blobs=70, nmethods=0, adapters=48, full_count=0
Compilation: enabled, stopped_count=0, restarted_count=0

Compilation events (0 events):
No events

GC Heap History (0 events):
No events

Dll operation events (1 events):
Event: 0.010 Loaded shared library c:\Users\avise\.vscode\extensions\redhat.java-1.54.0-win32-x64\jre\21.0.10-win32-x86_64\bin\java.dll

Deoptimization events (0 events):
No events

Classes loaded (0 events):
No events

Classes unloaded (0 events):
No events

Classes redefined (0 events):
No events

Internal exceptions (0 events):
No events

ZGC Phase Switch (0 events):
No events

VM Operations (0 events):
No events

Memory protections (0 events):
No events

Nmethod flushes (0 events):
No events

Events (1 events):
Event: 3.063 Thread 0x0000024627558ac0 Thread added: 0x0000024627558ac0


Dynamic libraries:
0x00007ff7a31f0000 - 0x00007ff7a31fe000 	c:\Users\avise\.vscode\extensions\redhat.java-1.54.0-win32-x64\jre\21.0.10-win32-x86_64\bin\java.exe
0x00007ffdee1e0000 - 0x00007ffdee447000 	C:\WINDOWS\SYSTEM32\ntdll.dll
0x00007ffded8d0000 - 0x00007ffded999000 	C:\WINDOWS\System32\KERNEL32.DLL
0x00007ffdeb5b0000 - 0x00007ffdeb9a4000 	C:\WINDOWS\System32\KERNELBASE.dll
0x00007ffdebe20000 - 0x00007ffdebf6b000 	C:\WINDOWS\System32\ucrtbase.dll
0x00007ffddbd00000 - 0x00007ffddbd1e000 	c:\Users\avise\.vscode\extensions\redhat.java-1.54.0-win32-x64\jre\21.0.10-win32-x86_64\bin\VCRUNTIME140.dll
0x00007ffde35d0000 - 0x00007ffde35e8000 	c:\Users\avise\.vscode\extensions\redhat.java-1.54.0-win32-x64\jre\21.0.10-win32-x86_64\bin\jli.dll
0x00007ffdec490000 - 0x00007ffdec655000 	C:\WINDOWS\System32\USER32.dll
0x00007ffdebc70000 - 0x00007ffdebc97000 	C:\WINDOWS\System32\win32u.dll
0x00007ffdec310000 - 0x00007ffdec33b000 	C:\WINDOWS\System32\GDI32.dll
0x00007ffdb82e0000 - 0x00007ffdb8573000 	C:\WINDOWS\WinSxS\amd64_microsoft.windows.common-controls_6595b64144ccf1df_6.0.26100.8115_none_3e075c82e3354f9c\COMCTL32.dll
0x00007ffdeb3d0000 - 0x00007ffdeb4fb000 	C:\WINDOWS\System32\gdi32full.dll
0x00007ffdee050000 - 0x00007ffdee0f9000 	C:\WINDOWS\System32\msvcrt.dll
0x00007ffdeaab0000 - 0x00007ffdeab53000 	C:\WINDOWS\System32\msvcp_win.dll
0x00007ffdee100000 - 0x00007ffdee132000 	C:\WINDOWS\System32\IMM32.DLL
0x00007ffde4cf0000 - 0x00007ffde4cfc000 	c:\Users\avise\.vscode\extensions\redhat.java-1.54.0-win32-x64\jre\21.0.10-win32-x86_64\bin\vcruntime140_1.dll
0x00007ffdd49e0000 - 0x00007ffdd4a6d000 	c:\Users\avise\.vscode\extensions\redhat.java-1.54.0-win32-x64\jre\21.0.10-win32-x86_64\bin\msvcp140.dll
0x00007ffcf6910000 - 0x00007ffcf76b1000 	c:\Users\avise\.vscode\extensions\redhat.java-1.54.0-win32-x64\jre\21.0.10-win32-x86_64\bin\server\jvm.dll
0x00007ffded5c0000 - 0x00007ffded676000 	C:\WINDOWS\System32\ADVAPI32.dll
0x00007ffdedd30000 - 0x00007ffdeddd7000 	C:\WINDOWS\System32\sechost.dll
0x00007ffded680000 - 0x00007ffded798000 	C:\WINDOWS\System32\RPCRT4.dll
0x00007ffdec070000 - 0x00007ffdec0f0000 	C:\WINDOWS\System32\WS2_32.dll
0x00007ffdea910000 - 0x00007ffdea96e000 	C:\WINDOWS\SYSTEM32\POWRPROF.dll
0x00007ffddd1f0000 - 0x00007ffddd1fb000 	C:\WINDOWS\SYSTEM32\VERSION.dll
0x00007ffdc4b00000 - 0x00007ffdc4b36000 	C:\WINDOWS\SYSTEM32\WINMM.dll
0x00007ffdea8f0000 - 0x00007ffdea904000 	C:\WINDOWS\SYSTEM32\UMPDC.dll
0x00007ffde9840000 - 0x00007ffde985b000 	C:\WINDOWS\SYSTEM32\kernel.appcore.dll
0x00007ffde4130000 - 0x00007ffde413a000 	c:\Users\avise\.vscode\extensions\redhat.java-1.54.0-win32-x64\jre\21.0.10-win32-x86_64\bin\jimage.dll
0x00007ffde8690000 - 0x00007ffde88d2000 	C:\WINDOWS\SYSTEM32\DBGHELP.DLL
0x00007ffded9a0000 - 0x00007ffdedd22000 	C:\WINDOWS\System32\combase.dll
0x00007ffdec660000 - 0x00007ffdec738000 	C:\WINDOWS\System32\OLEAUT32.dll
0x00007ffddc360000 - 0x00007ffddc39b000 	C:\WINDOWS\SYSTEM32\dbgcore.DLL
0x00007ffdeb500000 - 0x00007ffdeb5a5000 	C:\WINDOWS\System32\bcryptPrimitives.dll
0x00007ffde53a0000 - 0x00007ffde53af000 	c:\Users\avise\.vscode\extensions\redhat.java-1.54.0-win32-x64\jre\21.0.10-win32-x86_64\bin\instrument.dll
0x00007ffddaea0000 - 0x00007ffddaec0000 	c:\Users\avise\.vscode\extensions\redhat.java-1.54.0-win32-x64\jre\21.0.10-win32-x86_64\bin\java.dll

JVMTI agents:
c:\Users\avise\.vscode\extensions\redhat.java-1.54.0-win32-x64\lombok\lombok-1.18.39-4050.jar path:none, loaded, not initialized, instrumentlib options:none

dbghelp: loaded successfully - version: 4.0.5 - missing functions: none
symbol engine: initialized successfully - sym options: 0x614 - pdb path: .;c:\Users\avise\.vscode\extensions\redhat.java-1.54.0-win32-x64\jre\21.0.10-win32-x86_64\bin;C:\WINDOWS\SYSTEM32;C:\WINDOWS\WinSxS\amd64_microsoft.windows.common-controls_6595b64144ccf1df_6.0.26100.8115_none_3e075c82e3354f9c;c:\Users\avise\.vscode\extensions\redhat.java-1.54.0-win32-x64\jre\21.0.10-win32-x86_64\bin\server

VM Arguments:
jvm_args: --add-modules=ALL-SYSTEM --add-opens=java.base/java.util=ALL-UNNAMED --add-opens=java.base/java.lang=ALL-UNNAMED --add-opens=java.base/sun.nio.fs=ALL-UNNAMED -Declipse.application=org.eclipse.jdt.ls.core.id1 -Dosgi.bundles.defaultStartLevel=4 -Declipse.product=org.eclipse.jdt.ls.core.product -Djava.import.generatesMetadataFilesAtProjectRoot=false -DDetectVMInstallationsJob.disabled=true -Dfile.encoding=utf8 -XX:+UseParallelGC -XX:GCTimeRatio=4 -XX:AdaptiveSizePolicyWeight=90 -Dsun.zip.disableMemoryMapping=true -Xmx2G -Xms100m -Xlog:disable -javaagent:c:\Users\avise\.vscode\extensions\redhat.java-1.54.0-win32-x64\lombok\lombok-1.18.39-4050.jar -XX:+HeapDumpOnOutOfMemoryError -XX:HeapDumpPath=c:\Users\avise\AppData\Roaming\Code\User\workspaceStorage\913c6986b1c5f3d3cc4fcb45199889a9\redhat.java -Daether.dependencyCollector.impl=bf 
java_command: c:\Users\avise\.vscode\extensions\redhat.java-1.54.0-win32-x64\server\plugins\org.eclipse.equinox.launcher_1.7.100.v20251111-0406.jar -configuration c:\Users\avise\AppData\Roaming\Code\User\globalStorage\redhat.java\1.54.0\config_win -data c:\Users\avise\AppData\Roaming\Code\User\workspaceStorage\913c6986b1c5f3d3cc4fcb45199889a9\redhat.java\jdt_ws --pipe=\\.\pipe\lsp-1dc3fc39b4e7d10bf0d8b66116f62584-sock
java_class_path (initial): c:\Users\avise\.vscode\extensions\redhat.java-1.54.0-win32-x64\server\plugins\org.eclipse.equinox.launcher_1.7.100.v20251111-0406.jar
Launcher Type: SUN_STANDARD

[Global flags]
    uintx AdaptiveSizePolicyWeight                 = 90                                        {product} {command line}
     intx CICompilerCount                          = 12                                        {product} {ergonomic}
    uintx GCTimeRatio                              = 4                                         {product} {command line}
     bool HeapDumpOnOutOfMemoryError               = true                                   {manageable} {command line}
    ccstr HeapDumpPath                             = c:\Users\avise\AppData\Roaming\Code\User\workspaceStorage\913c6986b1c5f3d3cc4fcb45199889a9\redhat.java         {manageable} {command line}
   size_t InitialHeapSize                          = 104857600                                 {product} {command line}
   size_t MaxHeapSize                              = 2147483648                                {product} {command line}
   size_t MaxNewSize                               = 715653120                                 {product} {ergonomic}
   size_t MinHeapDeltaBytes                        = 524288                                    {product} {ergonomic}
   size_t MinHeapSize                              = 104857600                                 {product} {command line}
   size_t NewSize                                  = 34603008                                  {product} {ergonomic}
    uintx NonNMethodCodeHeapSize                   = 7602480                                {pd product} {ergonomic}
    uintx NonProfiledCodeHeapSize                  = 122027880                              {pd product} {ergonomic}
   size_t OldSize                                  = 70254592                                  {product} {ergonomic}
    uintx ProfiledCodeHeapSize                     = 122027880                              {pd product} {ergonomic}
    uintx ReservedCodeCacheSize                    = 251658240                              {pd product} {ergonomic}
     bool SegmentedCodeCache                       = true                                      {product} {ergonomic}
   size_t SoftMaxHeapSize                          = 2147483648                             {manageable} {ergonomic}
     bool UseCompressedOops                        = true                           {product lp64_product} {ergonomic}
     bool UseLargePagesIndividualAllocation        = false                                  {pd product} {ergonomic}
     bool UseParallelGC                            = true                                      {product} {command line}

Logging:
Log output configuration:
 #0: stdout all=off uptime,level,tags foldmultilines=false
 #1: stderr all=off uptime,level,tags foldmultilines=false

Release file:
<release file has not been read>
Environment Variables:
PATH=C:\Users\avise\AppData\Local\Programs\Microsoft VS Code;C:\Program Files\ImageMagick-7.1.2-Q16-HDRI;C:\Program Files\NVIDIA GPU Computing Toolkit\CUDA\v11.8\bin;C:\Program Files\NVIDIA GPU Computing Toolkit\CUDA\v11.8\libnvvp;;C:\Program Files\Common Files\Oracle\Java\javapath;C:\Program Files (x86)\Common Files\Oracle\Java\java8path;C:\Program Files (x86)\Common Files\Oracle\Java\javapath;C:\Program Files\NVIDIA GPU Computing Toolkit\CUDA\v12.1\bin;C:\Program Files\NVIDIA GPU Computing Toolkit\CUDA\v12.1\libnvvp;;c:\Users\avise\AppData\Local\Programs\cursor\resources\app\bin;C:\Program Files (x86)\VMware\VMware Workstation\bin\;C:\Python312\Scripts\;C:\Python312\;C:\Program Files\Microsoft MPI\Bin\;C:\Windows\system32;C:\Windows;C:\Windows\System32\Wbem;C:\Windows\System32\WindowsPowerShell\v1.0\;C:\Windows\System32\OpenSSH\;C:\Program Files (x86)\NVIDIA Corporation\PhysX\Common;C:\Program Files\Git\cmd;C:\Program Files\NVIDIA Corporation\NVIDIA app\NvDLISR;C:\Users\avise\AppData\Local\NVIDIA\ChatRTX\env_nvd_rag\Lib\site-packages\torch\lib;C:\Program Files\Arduino CLI\;C:\ProgramData\chocolatey\bin;C:\Program Files\Microsoft SQL Server\150\Tools\Binn\;C:\Program Files\dotnet\;C:\Program Files\nodejs\;C:\Program Files\Docker\Docker\resources\bin;C:\WINDOWS\system32;C:\WINDOWS;C:\WINDOWS\System32\Wbem;C:\W;c:\Users\avise\AppData\Local\Programs\cursor\resources\app\bin;C:\Program Files\CMake\bin;C:\Program Files\NVIDIA Corporation\NVIDIA NvDLISR;C:\Program Files\NVIDIA Corporation\Nsight Compute 2022.3.0\;C:\Program Files\Tailscale\;C:\Program Files\PowerShell\7\;C:\Users\avise\anaconda3;C:\Users\avise\anaconda3\Library\mingw-w64\bin;C:\Users\avise\anaconda3\Library\usr\bin;C:\Users\avise\anaconda3\Library\bin;C:\Users\avise\anaconda3\Scripts;C:\Program Files\MySQL\MySQL Shell 8.0\bin\;C:\Users\avise\AppData\Local\Programs\Python\Python311\Scripts\;C:\Users\avise\AppData\Local\Programs\Python\Python311\;C:\Users\avise\AppData\Local\Programs\Python\Python310\Scripts\;C:\Users\avise\AppData\Local\Programs\Python\Python310\;C:\Users\avise\AppData\Local\Programs\Python\Python313\Scripts\;C:\Users\avise\AppData\Local\Programs\Python\Python313\;%USERPROFILE%\AppData\Local\Microsoft\WindowsApps;C:\Users\avise\AppData\Local\GitHubDesktop\bin;C:\Program Files\Arduino CLI\arduino-cli;%USERPROFILE%\.dotnet\tools;C:\Users\avise\AppData\Roaming\npm;C:\Users\avise\AppData\Local\Programs\cursor\resources\app\bin;C:\Users\avise\AppData\Local\Programs\Microsoft VS Code\bin;C:\Users\avise\AppData\Local\Microsoft\WinGet\Packages\Google.PlatformTools_Microsoft.Winget.Source_8wekyb3d8bbwe\platform-tools;C:\Users\avise\AppData\Local\Android\sdk\platform-tools\adb.exe;C:\msys64\ucrt64\bin;C:\Users\avise\Downloads\rojo-7.6.1-windows-x86_64;C:\Users\avise\.aftman\bin
USERNAME=avise
OS=Windows_NT
PROCESSOR_IDENTIFIER=Intel64 Family 6 Model 186 Stepping 2, GenuineIntel
TMP=C:\Users\avise\AppData\Local\Temp
TEMP=C:\Users\avise\AppData\Local\Temp




Periodic native trim disabled

---------------  S Y S T E M  ---------------

OS:
 Windows 11 , 64 bit Build 26100 (10.0.26100.8246)
OS uptime: 14 days 8:29 hours
Hyper-V role detected

CPU: total 20 (initial active 20) (10 cores per cpu, 2 threads per core) family 6 model 186 stepping 2 microcode 0x410e, cx8, cmov, fxsr, ht, mmx, 3dnowpref, sse, sse2, sse3, ssse3, sse4.1, sse4.2, popcnt, lzcnt, tsc, tscinvbit, avx, avx2, aes, erms, clmul, bmi1, bmi2, adx, sha, fma, vzeroupper, clflush, clflushopt, clwb, hv, serialize, rdtscp, rdpid, fsrm, f16c, cet_ibt, cet_ss
Processor Information for the first 20 processors :
  Max Mhz: 2400, Current Mhz: 2400, Mhz Limit: 2400

Memory: 4k page, system-wide physical 16087M (727M free)
TotalPageFile size 65239M (AvailPageFile size 5M)
current process WorkingSet (physical memory assigned to process): 26M, peak: 26M
current process commit charge ("private bytes"): 207M, peak: 207M

vm_info: OpenJDK 64-Bit Server VM (21.0.10+7-LTS) for windows-amd64 JRE (21.0.10+7-LTS), built on 2026-01-20T00:00:00Z by "admin" with MS VC++ 17.12 (VS2022)

END.
